
============================================================
MLP OVERFITTING PROOF OF CONCEPT
============================================================

Purpose: Demonstrate that the MLP can memorize small datasets,
proving it has sufficient capacity and is implemented correctly.


============================================================
Overfitting Test with 1 point(s)
============================================================

Using device: cuda

Starting training for 1000 epochs...

============================================================
Final Results:
============================================================

True values:
[[0.33180408 0.33053962 0.3274198 ]]

Predicted values:
[[0.3318041 0.3305396 0.3274198]]

Absolute errors:
[[1.46916199e-08 7.49834872e-09 8.88385898e-09]]

Final MSE Loss: 0.00000000
Max absolute error: 0.00000001

✓ SUCCESS: Model successfully overfitted! (Loss < 1e-4)

============================================================
Overfitting Test with 10 point(s)
============================================================

Using device: cuda

Starting training for 10000 epochs...

============================================================
Final Results:
============================================================

True values:
[[0.33180408 0.33053962 0.3274198 ]
 [0.86139492 0.98910618 0.68045548]
 [0.86557935 0.91888428 0.78199948]
 [0.51499935 0.52694655 0.48404092]
 [0.36325965 0.32002254 0.38847663]
 [0.32876945 0.31452672 0.33384002]
 [0.61884614 0.69290214 0.51675745]
 [0.57141041 0.67129175 0.44424755]
 [0.7114597  0.72963619 0.67178386]
 [0.38100455 0.33079008 0.41501567]]

Predicted values:
[[0.33264583 0.33126864 0.32821602]
 [0.8622507  0.98968196 0.6807379 ]
 [0.8666747  0.91979516 0.78243315]
 [0.51592207 0.5280272  0.48498797]
 [0.3645579  0.32140228 0.38968742]
 [0.32959658 0.31526116 0.33448732]
 [0.620534   0.6949147  0.51814866]
 [0.5728969  0.6727534  0.44512647]
 [0.71291786 0.7310754  0.6722705 ]
 [0.3825937  0.3323815  0.41647115]]

Absolute errors:
[[0.00084175 0.00072902 0.00079622]
 [0.00085576 0.00057578 0.00028243]
 [0.00109537 0.00091088 0.00043368]
 [0.00092272 0.00108063 0.00094706]
 [0.00129825 0.00137974 0.00121078]
 [0.00082713 0.00073444 0.0006473 ]
 [0.00168787 0.00201256 0.00139121]
 [0.00148649 0.00146164 0.00087892]
 [0.00145817 0.00143921 0.00048661]
 [0.00158914 0.0015914  0.00145548]]

Final MSE Loss: 0.00008339
Max absolute error: 0.00201256

✓ SUCCESS: Model successfully overfitted! (Loss < 1e-4)

📊 Plot saved to: initial_overfitting/loss_overfit_1pt.png
📊 Plot saved to: initial_overfitting/loss_overfit_10pt.png

📊 Plot saved to: initial_overfitting/predictions_overfit_1pt_Area.png

📊 Plot saved to: initial_overfitting/predictions_overfit_10pt_Area.png

📊 Plot saved to: initial_overfitting/predictions_overfit_1pt_Iso_distance.png

📊 Plot saved to: initial_overfitting/predictions_overfit_10pt_Iso_distance.png

📊 Plot saved to: initial_overfitting/predictions_overfit_1pt_Iso_width.png

📊 Plot saved to: initial_overfitting/predictions_overfit_10pt_Iso_width.png

============================================================
PROOF OF CONCEPT COMPLETE
============================================================

✓ If both tests show loss < 1e-4, the MLP implementation is working!
✓ This proves the network can learn and has sufficient capacity.


